------------------------------------------------------------
TimeQuest Timing Analyzer Summary
------------------------------------------------------------

Type  : Slow 1200mV 85C Model Setup 'inst10'
Slack : -2.502
TNS   : -49.707

Type  : Slow 1200mV 85C Model Setup 'clk'
Slack : 0.085
TNS   : 0.000

Type  : Slow 1200mV 85C Model Hold 'clk'
Slack : -0.156
TNS   : -0.156

Type  : Slow 1200mV 85C Model Hold 'inst10'
Slack : 0.337
TNS   : 0.000

Type  : Slow 1200mV 85C Model Minimum Pulse Width 'clk'
Slack : -3.000
TNS   : -4.000

Type  : Slow 1200mV 85C Model Minimum Pulse Width 'inst10'
Slack : -1.000
TNS   : -34.000

Type  : Slow 1200mV 0C Model Setup 'inst10'
Slack : -2.111
TNS   : -41.015

Type  : Slow 1200mV 0C Model Setup 'clk'
Slack : 0.186
TNS   : 0.000

Type  : Slow 1200mV 0C Model Hold 'clk'
Slack : -0.209
TNS   : -0.209

Type  : Slow 1200mV 0C Model Hold 'inst10'
Slack : 0.292
TNS   : 0.000

Type  : Slow 1200mV 0C Model Minimum Pulse Width 'clk'
Slack : -3.000
TNS   : -4.000

Type  : Slow 1200mV 0C Model Minimum Pulse Width 'inst10'
Slack : -1.000
TNS   : -34.000

Type  : Fast 1200mV 0C Model Setup 'inst10'
Slack : -0.950
TNS   : -14.939

Type  : Fast 1200mV 0C Model Setup 'clk'
Slack : 0.312
TNS   : 0.000

Type  : Fast 1200mV 0C Model Hold 'clk'
Slack : -0.155
TNS   : -0.155

Type  : Fast 1200mV 0C Model Hold 'inst10'
Slack : 0.166
TNS   : 0.000

Type  : Fast 1200mV 0C Model Minimum Pulse Width 'clk'
Slack : -3.000
TNS   : -4.000

Type  : Fast 1200mV 0C Model Minimum Pulse Width 'inst10'
Slack : -1.000
TNS   : -34.000

------------------------------------------------------------
