Analysis & Synthesis report for pongTop
Sat Sep 16 18:48:25 2023
Quartus II Version 9.1 Build 350 03/24/2010 Service Pack 2 SJ Web Edition


---------------------
; Table of Contents ;
---------------------
  1. Legal Notice
  2. Analysis & Synthesis Summary
  3. Analysis & Synthesis Settings
  4. Parallel Compilation
  5. Analysis & Synthesis Source Files Read
  6. Analysis & Synthesis Resource Usage Summary
  7. Analysis & Synthesis Resource Utilization by Entity
  8. State Machine - |pongTop|gameCtrl_FSM:gameCtrl_FSM_inst|fsm
  9. Registers Removed During Synthesis
 10. General Register Statistics
 11. Inverted Register Statistics
 12. Multiplexer Restructuring Statistics (Restructuring Performed)
 13. Port Connectivity Checks: "gameCtrl_FSM:gameCtrl_FSM_inst"
 14. Analysis & Synthesis Messages



----------------
; Legal Notice ;
----------------
Copyright (C) 1991-2010 Altera Corporation
Your use of Altera Corporation's design tools, logic functions 
and other software and tools, and its AMPP partner logic 
functions, and any output files from any of the foregoing 
(including device programming or simulation files), and any 
associated documentation or information are expressly subject 
to the terms and conditions of the Altera Program License 
Subscription Agreement, Altera MegaCore Function License 
Agreement, or other applicable license agreement, including, 
without limitation, that your use is for the sole purpose of 
programming logic devices manufactured by Altera and sold by 
Altera or its authorized distributors.  Please refer to the 
applicable agreement for further details.



+-----------------------------------------------------------------------------------+
; Analysis & Synthesis Summary                                                      ;
+------------------------------------+----------------------------------------------+
; Analysis & Synthesis Status        ; Successful - Sat Sep 16 18:48:25 2023        ;
; Quartus II Version                 ; 9.1 Build 350 03/24/2010 SP 2 SJ Web Edition ;
; Revision Name                      ; pongTop                                      ;
; Top-level Entity Name              ; pongTop                                      ;
; Family                             ; Cyclone III                                  ;
; Total logic elements               ; 952                                          ;
;     Total combinational functions  ; 952                                          ;
;     Dedicated logic registers      ; 437                                          ;
; Total registers                    ; 437                                          ;
; Total pins                         ; 34                                           ;
; Total virtual pins                 ; 0                                            ;
; Total memory bits                  ; 0                                            ;
; Embedded Multiplier 9-bit elements ; 0                                            ;
; Total PLLs                         ; 0                                            ;
+------------------------------------+----------------------------------------------+


+----------------------------------------------------------------------------------------------------------------------+
; Analysis & Synthesis Settings                                                                                        ;
+----------------------------------------------------------------------------+--------------------+--------------------+
; Option                                                                     ; Setting            ; Default Value      ;
+----------------------------------------------------------------------------+--------------------+--------------------+
; Device                                                                     ; EP3C16F484C6       ;                    ;
; Top-level entity name                                                      ; pongTop            ; pongTop            ;
; Family name                                                                ; Cyclone III        ; Stratix II         ;
; Verilog Version                                                            ; SystemVerilog_2005 ; Verilog_2001       ;
; VHDL Version                                                               ; VHDL_2008          ; VHDL_1993          ;
; Optimization Technique                                                     ; Speed              ; Balanced           ;
; Type of Retiming Performed During Resynthesis                              ; Full               ;                    ;
; Resynthesis Optimization Effort                                            ; Normal             ;                    ;
; Physical Synthesis Level for Resynthesis                                   ; Normal             ;                    ;
; Use Generated Physical Constraints File                                    ; On                 ;                    ;
; Use smart compilation                                                      ; Off                ; Off                ;
; Enable parallel Assembler and TimeQuest Timing Analyzer during compilation ; On                 ; On                 ;
; Enable compact report table                                                ; Off                ; Off                ;
; Restructure Multiplexers                                                   ; Auto               ; Auto               ;
; Create Debugging Nodes for IP Cores                                        ; Off                ; Off                ;
; Preserve fewer node names                                                  ; On                 ; On                 ;
; Disable OpenCore Plus hardware evaluation                                  ; Off                ; Off                ;
; State Machine Processing                                                   ; Auto               ; Auto               ;
; Safe State Machine                                                         ; Off                ; Off                ;
; Extract Verilog State Machines                                             ; On                 ; On                 ;
; Extract VHDL State Machines                                                ; On                 ; On                 ;
; Ignore Verilog initial constructs                                          ; Off                ; Off                ;
; Iteration limit for constant Verilog loops                                 ; 5000               ; 5000               ;
; Iteration limit for non-constant Verilog loops                             ; 250                ; 250                ;
; Add Pass-Through Logic to Inferred RAMs                                    ; On                 ; On                 ;
; Parallel Synthesis                                                         ; On                 ; On                 ;
; DSP Block Balancing                                                        ; Auto               ; Auto               ;
; NOT Gate Push-Back                                                         ; On                 ; On                 ;
; Power-Up Don't Care                                                        ; On                 ; On                 ;
; Remove Redundant Logic Cells                                               ; Off                ; Off                ;
; Remove Duplicate Registers                                                 ; On                 ; On                 ;
; Ignore CARRY Buffers                                                       ; Off                ; Off                ;
; Ignore CASCADE Buffers                                                     ; Off                ; Off                ;
; Ignore GLOBAL Buffers                                                      ; Off                ; Off                ;
; Ignore ROW GLOBAL Buffers                                                  ; Off                ; Off                ;
; Ignore LCELL Buffers                                                       ; Off                ; Off                ;
; Ignore SOFT Buffers                                                        ; On                 ; On                 ;
; Limit AHDL Integers to 32 Bits                                             ; Off                ; Off                ;
; Carry Chain Length                                                         ; 70                 ; 70                 ;
; Auto Carry Chains                                                          ; On                 ; On                 ;
; Auto Open-Drain Pins                                                       ; On                 ; On                 ;
; Perform WYSIWYG Primitive Resynthesis                                      ; Off                ; Off                ;
; Auto ROM Replacement                                                       ; On                 ; On                 ;
; Auto RAM Replacement                                                       ; On                 ; On                 ;
; Auto DSP Block Replacement                                                 ; On                 ; On                 ;
; Auto Shift Register Replacement                                            ; Auto               ; Auto               ;
; Auto Clock Enable Replacement                                              ; On                 ; On                 ;
; Strict RAM Replacement                                                     ; Off                ; Off                ;
; Allow Synchronous Control Signals                                          ; On                 ; On                 ;
; Force Use of Synchronous Clear Signals                                     ; Off                ; Off                ;
; Auto RAM Block Balancing                                                   ; On                 ; On                 ;
; Auto RAM to Logic Cell Conversion                                          ; Off                ; Off                ;
; Auto Resource Sharing                                                      ; Off                ; Off                ;
; Allow Any RAM Size For Recognition                                         ; Off                ; Off                ;
; Allow Any ROM Size For Recognition                                         ; Off                ; Off                ;
; Allow Any Shift Register Size For Recognition                              ; Off                ; Off                ;
; Use LogicLock Constraints during Resource Balancing                        ; On                 ; On                 ;
; Ignore translate_off and synthesis_off directives                          ; Off                ; Off                ;
; Timing-Driven Synthesis                                                    ; On                 ; On                 ;
; Show Parameter Settings Tables in Synthesis Report                         ; On                 ; On                 ;
; Ignore Maximum Fan-Out Assignments                                         ; Off                ; Off                ;
; Synchronization Register Chain Length                                      ; 2                  ; 2                  ;
; PowerPlay Power Optimization                                               ; Normal compilation ; Normal compilation ;
; HDL message level                                                          ; Level2             ; Level2             ;
; Suppress Register Optimization Related Messages                            ; Off                ; Off                ;
; Number of Removed Registers Reported in Synthesis Report                   ; 5000               ; 5000               ;
; Number of Inverted Registers Reported in Synthesis Report                  ; 100                ; 100                ;
; Clock MUX Protection                                                       ; On                 ; On                 ;
; Auto Gated Clock Conversion                                                ; Off                ; Off                ;
; Block Design Naming                                                        ; Auto               ; Auto               ;
; SDC constraint protection                                                  ; Off                ; Off                ;
; Synthesis Effort                                                           ; Auto               ; Auto               ;
; Shift Register Replacement - Allow Asynchronous Clear Signal               ; On                 ; On                 ;
; Analysis & Synthesis Message Level                                         ; Medium             ; Medium             ;
; Disable Register Merging Across Hierarchies                                ; Auto               ; Auto               ;
; Resource Aware Inference For Block RAM                                     ; On                 ; On                 ;
+----------------------------------------------------------------------------+--------------------+--------------------+


Parallel compilation was disabled, but you have multiple processors available. Enable parallel compilation to reduce compilation time.
+-------------------------------------+
; Parallel Compilation                ;
+----------------------------+--------+
; Processors                 ; Number ;
+----------------------------+--------+
; Number detected on machine ; 2      ;
; Maximum allowed            ; 1      ;
+----------------------------+--------+


+------------------------------------------------------------------------------------------------------------------------+
; Analysis & Synthesis Source Files Read                                                                                 ;
+---------------------------------------+-----------------+-----------------+--------------------------------------------+
; File Name with User-Entered Path      ; Used in Netlist ; File Type       ; File Name with Absolute Path               ;
+---------------------------------------+-----------------+-----------------+--------------------------------------------+
; ../pong-fpga-vga/ball_ctrl.vhd        ; yes             ; User VHDL File  ; C:/VHDL/pong-fpga-vga/ball_ctrl.vhd        ;
; ../pong-fpga-vga/debounce_pb.vhd      ; yes             ; User VHDL File  ; C:/VHDL/pong-fpga-vga/debounce_pb.vhd      ;
; ../pong-fpga-vga/displayScore_SSD.vhd ; yes             ; User VHDL File  ; C:/VHDL/pong-fpga-vga/displayScore_SSD.vhd ;
; ../pong-fpga-vga/dup4.vhd             ; yes             ; User VHDL File  ; C:/VHDL/pong-fpga-vga/dup4.vhd             ;
; ../pong-fpga-vga/gameCtrl_FSM.vhd     ; yes             ; User VHDL File  ; C:/VHDL/pong-fpga-vga/gameCtrl_FSM.vhd     ;
; ../pong-fpga-vga/paddle1_ctrl.vhd     ; yes             ; User VHDL File  ; C:/VHDL/pong-fpga-vga/paddle1_ctrl.vhd     ;
; ../pong-fpga-vga/paddle2_ctrl.vhd     ; yes             ; User VHDL File  ; C:/VHDL/pong-fpga-vga/paddle2_ctrl.vhd     ;
; ../pong-fpga-vga/pongTop.vhd          ; yes             ; User VHDL File  ; C:/VHDL/pong-fpga-vga/pongTop.vhd          ;
; ../pong-fpga-vga/uart_receiver.vhd    ; yes             ; User VHDL File  ; C:/VHDL/pong-fpga-vga/uart_receiver.vhd    ;
; ../pong-fpga-vga/vga_controller.vhd   ; yes             ; User VHDL File  ; C:/VHDL/pong-fpga-vga/vga_controller.vhd   ;
+---------------------------------------+-----------------+-----------------+--------------------------------------------+


+------------------------------------------------------------+
; Analysis & Synthesis Resource Usage Summary                ;
+---------------------------------------------+--------------+
; Resource                                    ; Usage        ;
+---------------------------------------------+--------------+
; Estimated Total logic elements              ; 952          ;
;                                             ;              ;
; Total combinational functions               ; 952          ;
; Logic element usage by number of LUT inputs ;              ;
;     -- 4 input functions                    ; 296          ;
;     -- 3 input functions                    ; 214          ;
;     -- <=2 input functions                  ; 442          ;
;                                             ;              ;
; Logic elements by mode                      ;              ;
;     -- normal mode                          ; 418          ;
;     -- arithmetic mode                      ; 534          ;
;                                             ;              ;
; Total registers                             ; 437          ;
;     -- Dedicated logic registers            ; 437          ;
;     -- I/O registers                        ; 0            ;
;                                             ;              ;
; I/O pins                                    ; 34           ;
; Maximum fan-out node                        ; clk_in~input ;
; Maximum fan-out                             ; 371          ;
; Total fan-out                               ; 4228         ;
; Average fan-out                             ; 2.90         ;
+---------------------------------------------+--------------+


+----------------------------------------------------------------------------------------------------------------------------------------------------------------------------------------------------------------------+
; Analysis & Synthesis Resource Utilization by Entity                                                                                                                                                                  ;
+-------------------------------------------+-------------------+--------------+-------------+--------------+---------+-----------+------+--------------+-----------------------------------------------+--------------+
; Compilation Hierarchy Node                ; LC Combinationals ; LC Registers ; Memory Bits ; DSP Elements ; DSP 9x9 ; DSP 18x18 ; Pins ; Virtual Pins ; Full Hierarchy Name                           ; Library Name ;
+-------------------------------------------+-------------------+--------------+-------------+--------------+---------+-----------+------+--------------+-----------------------------------------------+--------------+
; |pongTop                                  ; 952 (1)           ; 437 (0)      ; 0           ; 0            ; 0       ; 0         ; 34   ; 0            ; |pongTop                                      ; work         ;
;    |ball_ctrl:ball_ctrl_inst|             ; 110 (110)         ; 55 (55)      ; 0           ; 0            ; 0       ; 0         ; 0    ; 0            ; |pongTop|ball_ctrl:ball_ctrl_inst             ;              ;
;    |debounce_pb:debounce_paddledwn2|      ; 29 (29)           ; 20 (20)      ; 0           ; 0            ; 0       ; 0         ; 0    ; 0            ; |pongTop|debounce_pb:debounce_paddledwn2      ;              ;
;    |debounce_pb:debounce_paddleup2|       ; 29 (29)           ; 20 (20)      ; 0           ; 0            ; 0       ; 0         ; 0    ; 0            ; |pongTop|debounce_pb:debounce_paddleup2       ;              ;
;    |debounce_pb:debounce_startGame|       ; 29 (29)           ; 20 (20)      ; 0           ; 0            ; 0       ; 0         ; 0    ; 0            ; |pongTop|debounce_pb:debounce_startGame       ;              ;
;    |displayScore_SSD:displayScore_SSD_p1| ; 6 (6)             ; 6 (6)        ; 0           ; 0            ; 0       ; 0         ; 0    ; 0            ; |pongTop|displayScore_SSD:displayScore_SSD_p1 ;              ;
;    |displayScore_SSD:displayScore_SSD_p2| ; 6 (6)             ; 6 (6)        ; 0           ; 0            ; 0       ; 0         ; 0    ; 0            ; |pongTop|displayScore_SSD:displayScore_SSD_p2 ;              ;
;    |dup4:dup4_inst|                       ; 1 (1)             ; 0 (0)        ; 0           ; 0            ; 0       ; 0         ; 0    ; 0            ; |pongTop|dup4:dup4_inst                       ;              ;
;    |gameCtrl_FSM:gameCtrl_FSM_inst|       ; 221 (221)         ; 69 (69)      ; 0           ; 0            ; 0       ; 0         ; 0    ; 0            ; |pongTop|gameCtrl_FSM:gameCtrl_FSM_inst       ;              ;
;    |paddle1_ctrl:paddle1_ctrl_inst|       ; 150 (150)         ; 33 (33)      ; 0           ; 0            ; 0       ; 0         ; 0    ; 0            ; |pongTop|paddle1_ctrl:paddle1_ctrl_inst       ;              ;
;    |paddle2_ctrl:paddle2_ctrl_inst|       ; 116 (116)         ; 65 (65)      ; 0           ; 0            ; 0       ; 0         ; 0    ; 0            ; |pongTop|paddle2_ctrl:paddle2_ctrl_inst       ;              ;
;    |uart_receiver:uart_receiver_inst|     ; 152 (152)         ; 76 (76)      ; 0           ; 0            ; 0       ; 0         ; 0    ; 0            ; |pongTop|uart_receiver:uart_receiver_inst     ;              ;
;    |vga_controller:vga_controller_inst|   ; 102 (102)         ; 67 (67)      ; 0           ; 0            ; 0       ; 0         ; 0    ; 0            ; |pongTop|vga_controller:vga_controller_inst   ;              ;
+-------------------------------------------+-------------------+--------------+-------------+--------------+---------+-----------+------+--------------+-----------------------------------------------+--------------+
Note: For table entries with two numbers listed, the numbers in parentheses indicate the number of resources of the given type used by the specific entity alone. The numbers listed outside of parentheses indicate the total resources of the given type used by the specific entity and all of its sub-entities in the hierarchy.


Encoding Type:  One-Hot
+--------------------------------------------------------------------------------------+
; State Machine - |pongTop|gameCtrl_FSM:gameCtrl_FSM_inst|fsm                          ;
+-----------------+-----------+-------------+-------------+-----------------+----------+
; Name            ; fsm.clear ; fsm.scoreP2 ; fsm.scoreP1 ; fsm.gameRunning ; fsm.idle ;
+-----------------+-----------+-------------+-------------+-----------------+----------+
; fsm.idle        ; 0         ; 0           ; 0           ; 0               ; 0        ;
; fsm.gameRunning ; 0         ; 0           ; 0           ; 1               ; 1        ;
; fsm.scoreP1     ; 0         ; 0           ; 1           ; 0               ; 1        ;
; fsm.scoreP2     ; 0         ; 1           ; 0           ; 0               ; 1        ;
; fsm.clear       ; 1         ; 0           ; 0           ; 0               ; 1        ;
+-----------------+-----------+-------------+-------------+-----------------+----------+


+--------------------------------------------------------------------------------------------------------------+
; Registers Removed During Synthesis                                                                           ;
+---------------------------------------------------+----------------------------------------------------------+
; Register name                                     ; Reason for Removal                                       ;
+---------------------------------------------------+----------------------------------------------------------+
; displayScore_SSD:displayScore_SSD_p2|hex_value[6] ; Stuck at GND due to stuck port data_in                   ;
; displayScore_SSD:displayScore_SSD_p1|hex_value[6] ; Stuck at GND due to stuck port data_in                   ;
; paddle1_ctrl:paddle1_ctrl_inst|count_clk[0]       ; Merged with paddle2_ctrl:paddle2_ctrl_inst|count_clk[0]  ;
; paddle1_ctrl:paddle1_ctrl_inst|count_clk[1]       ; Merged with paddle2_ctrl:paddle2_ctrl_inst|count_clk[1]  ;
; paddle1_ctrl:paddle1_ctrl_inst|count_clk[2]       ; Merged with paddle2_ctrl:paddle2_ctrl_inst|count_clk[2]  ;
; paddle1_ctrl:paddle1_ctrl_inst|count_clk[3]       ; Merged with paddle2_ctrl:paddle2_ctrl_inst|count_clk[3]  ;
; paddle1_ctrl:paddle1_ctrl_inst|count_clk[4]       ; Merged with paddle2_ctrl:paddle2_ctrl_inst|count_clk[4]  ;
; paddle1_ctrl:paddle1_ctrl_inst|count_clk[5]       ; Merged with paddle2_ctrl:paddle2_ctrl_inst|count_clk[5]  ;
; paddle1_ctrl:paddle1_ctrl_inst|count_clk[6]       ; Merged with paddle2_ctrl:paddle2_ctrl_inst|count_clk[6]  ;
; paddle1_ctrl:paddle1_ctrl_inst|count_clk[7]       ; Merged with paddle2_ctrl:paddle2_ctrl_inst|count_clk[7]  ;
; paddle1_ctrl:paddle1_ctrl_inst|count_clk[8]       ; Merged with paddle2_ctrl:paddle2_ctrl_inst|count_clk[8]  ;
; paddle1_ctrl:paddle1_ctrl_inst|count_clk[9]       ; Merged with paddle2_ctrl:paddle2_ctrl_inst|count_clk[9]  ;
; paddle1_ctrl:paddle1_ctrl_inst|count_clk[10]      ; Merged with paddle2_ctrl:paddle2_ctrl_inst|count_clk[10] ;
; paddle1_ctrl:paddle1_ctrl_inst|count_clk[11]      ; Merged with paddle2_ctrl:paddle2_ctrl_inst|count_clk[11] ;
; paddle1_ctrl:paddle1_ctrl_inst|count_clk[12]      ; Merged with paddle2_ctrl:paddle2_ctrl_inst|count_clk[12] ;
; paddle1_ctrl:paddle1_ctrl_inst|count_clk[13]      ; Merged with paddle2_ctrl:paddle2_ctrl_inst|count_clk[13] ;
; paddle1_ctrl:paddle1_ctrl_inst|count_clk[14]      ; Merged with paddle2_ctrl:paddle2_ctrl_inst|count_clk[14] ;
; paddle1_ctrl:paddle1_ctrl_inst|count_clk[15]      ; Merged with paddle2_ctrl:paddle2_ctrl_inst|count_clk[15] ;
; paddle1_ctrl:paddle1_ctrl_inst|count_clk[16]      ; Merged with paddle2_ctrl:paddle2_ctrl_inst|count_clk[16] ;
; paddle1_ctrl:paddle1_ctrl_inst|count_clk[17]      ; Merged with paddle2_ctrl:paddle2_ctrl_inst|count_clk[17] ;
; paddle1_ctrl:paddle1_ctrl_inst|count_clk[18]      ; Merged with paddle2_ctrl:paddle2_ctrl_inst|count_clk[18] ;
; paddle1_ctrl:paddle1_ctrl_inst|count_clk[19]      ; Merged with paddle2_ctrl:paddle2_ctrl_inst|count_clk[19] ;
; paddle1_ctrl:paddle1_ctrl_inst|count_clk[20]      ; Merged with paddle2_ctrl:paddle2_ctrl_inst|count_clk[20] ;
; paddle1_ctrl:paddle1_ctrl_inst|count_clk[21]      ; Merged with paddle2_ctrl:paddle2_ctrl_inst|count_clk[21] ;
; paddle1_ctrl:paddle1_ctrl_inst|count_clk[22]      ; Merged with paddle2_ctrl:paddle2_ctrl_inst|count_clk[22] ;
; paddle1_ctrl:paddle1_ctrl_inst|count_clk[23]      ; Merged with paddle2_ctrl:paddle2_ctrl_inst|count_clk[23] ;
; paddle1_ctrl:paddle1_ctrl_inst|count_clk[24]      ; Merged with paddle2_ctrl:paddle2_ctrl_inst|count_clk[24] ;
; paddle1_ctrl:paddle1_ctrl_inst|count_clk[25]      ; Merged with paddle2_ctrl:paddle2_ctrl_inst|count_clk[25] ;
; paddle1_ctrl:paddle1_ctrl_inst|count_clk[26]      ; Merged with paddle2_ctrl:paddle2_ctrl_inst|count_clk[26] ;
; paddle1_ctrl:paddle1_ctrl_inst|count_clk[27]      ; Merged with paddle2_ctrl:paddle2_ctrl_inst|count_clk[27] ;
; paddle1_ctrl:paddle1_ctrl_inst|count_clk[28]      ; Merged with paddle2_ctrl:paddle2_ctrl_inst|count_clk[28] ;
; paddle1_ctrl:paddle1_ctrl_inst|count_clk[29]      ; Merged with paddle2_ctrl:paddle2_ctrl_inst|count_clk[29] ;
; paddle1_ctrl:paddle1_ctrl_inst|count_clk[30]      ; Merged with paddle2_ctrl:paddle2_ctrl_inst|count_clk[30] ;
; paddle1_ctrl:paddle1_ctrl_inst|count_clk[31]      ; Merged with paddle2_ctrl:paddle2_ctrl_inst|count_clk[31] ;
; ball_ctrl:ball_ctrl_inst|ball_x_internal[0]       ; Merged with ball_ctrl:ball_ctrl_inst|ball_y_internal[0]  ;
; ball_ctrl:ball_ctrl_inst|ball_x_p[0]              ; Merged with ball_ctrl:ball_ctrl_inst|ball_y_p[0]         ;
; Total Number of Removed Registers = 36            ;                                                          ;
+---------------------------------------------------+----------------------------------------------------------+


+------------------------------------------------------+
; General Register Statistics                          ;
+----------------------------------------------+-------+
; Statistic                                    ; Value ;
+----------------------------------------------+-------+
; Total registers                              ; 437   ;
; Number of registers using Synchronous Clear  ; 130   ;
; Number of registers using Synchronous Load   ; 70    ;
; Number of registers using Asynchronous Clear ; 66    ;
; Number of registers using Asynchronous Load  ; 0     ;
; Number of registers using Clock Enable       ; 278   ;
; Number of registers using Preset             ; 0     ;
+----------------------------------------------+-------+


+--------------------------------------------------------+
; Inverted Register Statistics                           ;
+----------------------------------------------+---------+
; Inverted Register                            ; Fan out ;
+----------------------------------------------+---------+
; debounce_pb:debounce_paddleup2|button_state  ; 4       ;
; debounce_pb:debounce_paddledwn2|button_state ; 3       ;
; debounce_pb:debounce_startGame|button_state  ; 4       ;
; Total number of inverted registers = 3       ;         ;
+----------------------------------------------+---------+


+----------------------------------------------------------------------------------------------------------------------------------------------------------------------------+
; Multiplexer Restructuring Statistics (Restructuring Performed)                                                                                                             ;
+--------------------+-----------+---------------+----------------------+------------------------+------------+--------------------------------------------------------------+
; Multiplexer Inputs ; Bus Width ; Baseline Area ; Area if Restructured ; Saving if Restructured ; Registered ; Example Multiplexer Output                                   ;
+--------------------+-----------+---------------+----------------------+------------------------+------------+--------------------------------------------------------------+
; 3:1                ; 22 bits   ; 44 LEs        ; 22 LEs               ; 22 LEs                 ; Yes        ; |pongTop|ball_ctrl:ball_ctrl_inst|ball_y_internal[4]         ;
; 4:1                ; 32 bits   ; 64 LEs        ; 32 LEs               ; 32 LEs                 ; Yes        ; |pongTop|paddle2_ctrl:paddle2_ctrl_inst|y_paddle_internal[2] ;
; 4:1                ; 32 bits   ; 64 LEs        ; 32 LEs               ; 32 LEs                 ; Yes        ; |pongTop|paddle1_ctrl:paddle1_ctrl_inst|y_paddle_internal[7] ;
; 10:1               ; 32 bits   ; 192 LEs       ; 32 LEs               ; 160 LEs                ; Yes        ; |pongTop|uart_receiver:uart_receiver_inst|bit_index[28]      ;
; 10:1               ; 32 bits   ; 192 LEs       ; 32 LEs               ; 160 LEs                ; Yes        ; |pongTop|uart_receiver:uart_receiver_inst|clk_count[12]      ;
; 11:1               ; 5 bits    ; 35 LEs        ; 20 LEs               ; 15 LEs                 ; No         ; |pongTop|gameCtrl_FSM:gameCtrl_FSM_inst|fsm                  ;
+--------------------+-----------+---------------+----------------------+------------------------+------------+--------------------------------------------------------------+


+--------------------------------------------------------------------------------------------------------------------------+
; Port Connectivity Checks: "gameCtrl_FSM:gameCtrl_FSM_inst"                                                               ;
+----------------+--------+----------+-------------------------------------------------------------------------------------+
; Port           ; Type   ; Severity ; Details                                                                             ;
+----------------+--------+----------+-------------------------------------------------------------------------------------+
; p1score[31..3] ; Output ; Info     ; Connected to dangling logic. Logic that only feeds a dangling port will be removed. ;
; p2score[31..3] ; Output ; Info     ; Connected to dangling logic. Logic that only feeds a dangling port will be removed. ;
+----------------+--------+----------+-------------------------------------------------------------------------------------+


+-------------------------------+
; Analysis & Synthesis Messages ;
+-------------------------------+
Info: *******************************************************************
Info: Running Quartus II Analysis & Synthesis
    Info: Version 9.1 Build 350 03/24/2010 Service Pack 2 SJ Web Edition
    Info: Processing started: Sat Sep 16 18:48:20 2023
Info: Command: quartus_map --read_settings_files=on --write_settings_files=off pong-game -c pongTop
Info: Found 2 design units, including 1 entities, in source file /vhdl/pong-fpga-vga/ball_ctrl.vhd
    Info: Found design unit 1: ball_ctrl-Behavioral
    Info: Found entity 1: ball_ctrl
Info: Found 2 design units, including 1 entities, in source file /vhdl/pong-fpga-vga/debounce_pb.vhd
    Info: Found design unit 1: debounce_pb-Behavioral
    Info: Found entity 1: debounce_pb
Info: Found 2 design units, including 1 entities, in source file /vhdl/pong-fpga-vga/displayscore_ssd.vhd
    Info: Found design unit 1: displayScore_SSD-Behavioral
    Info: Found entity 1: displayScore_SSD
Info: Found 2 design units, including 1 entities, in source file /vhdl/pong-fpga-vga/dup4.vhd
    Info: Found design unit 1: dup4-arc_dup4
    Info: Found entity 1: dup4
Info: Found 2 design units, including 1 entities, in source file /vhdl/pong-fpga-vga/gamectrl_fsm.vhd
    Info: Found design unit 1: gameCtrl_FSM-Behavioral
    Info: Found entity 1: gameCtrl_FSM
Info: Found 2 design units, including 1 entities, in source file /vhdl/pong-fpga-vga/paddle1_ctrl.vhd
    Info: Found design unit 1: paddle1_ctrl-Behavioral
    Info: Found entity 1: paddle1_ctrl
Info: Found 2 design units, including 1 entities, in source file /vhdl/pong-fpga-vga/paddle2_ctrl.vhd
    Info: Found design unit 1: paddle2_ctrl-Behavioral
    Info: Found entity 1: paddle2_ctrl
Info: Found 2 design units, including 1 entities, in source file /vhdl/pong-fpga-vga/pongtop.vhd
    Info: Found design unit 1: pongTop-Behavioral
    Info: Found entity 1: pongTop
Info: Found 2 design units, including 1 entities, in source file /vhdl/pong-fpga-vga/uart_receiver.vhd
    Info: Found design unit 1: uart_receiver-Behavioral
    Info: Found entity 1: uart_receiver
Info: Found 2 design units, including 1 entities, in source file /vhdl/pong-fpga-vga/vga_controller.vhd
    Info: Found design unit 1: vga_controller-Behavioral
    Info: Found entity 1: vga_controller
Info: Elaborating entity "pongTop" for the top level hierarchy
Info: Elaborating entity "uart_receiver" for hierarchy "uart_receiver:uart_receiver_inst"
Info: Elaborating entity "debounce_pb" for hierarchy "debounce_pb:debounce_startGame"
Info: Elaborating entity "vga_controller" for hierarchy "vga_controller:vga_controller_inst"
Warning (10036): Verilog HDL or VHDL warning at vga_controller.vhd(33): object "active_display" assigned a value but never read
Info: Elaborating entity "paddle1_ctrl" for hierarchy "paddle1_ctrl:paddle1_ctrl_inst"
Info: Elaborating entity "paddle2_ctrl" for hierarchy "paddle2_ctrl:paddle2_ctrl_inst"
Info: Elaborating entity "ball_ctrl" for hierarchy "ball_ctrl:ball_ctrl_inst"
Info: Elaborating entity "gameCtrl_FSM" for hierarchy "gameCtrl_FSM:gameCtrl_FSM_inst"
Info: Elaborating entity "displayScore_SSD" for hierarchy "displayScore_SSD:displayScore_SSD_p1"
Info: Elaborating entity "dup4" for hierarchy "dup4:dup4_inst"
Warning (10492): VHDL Process Statement warning at dup4.vhd(20): signal "ena" is read inside the Process Statement but isn't in the Process Statement's sensitivity list
Info: Timing-Driven Synthesis is running
Warning: Output pins are stuck at VCC or GND
    Warning (13410): Pin "seg1[6]" is stuck at GND
    Warning (13410): Pin "seg2[6]" is stuck at GND
Info: Implemented 986 device resources after synthesis - the final resource count might be different
    Info: Implemented 6 input pins
    Info: Implemented 28 output pins
    Info: Implemented 952 logic cells
Info: Quartus II Analysis & Synthesis was successful. 0 errors, 5 warnings
    Info: Peak virtual memory: 246 megabytes
    Info: Processing ended: Sat Sep 16 18:48:25 2023
    Info: Elapsed time: 00:00:05
    Info: Total CPU time (on all processors): 00:00:05


