------------------------------------------------------------
TimeQuest Timing Analyzer Summary
------------------------------------------------------------

Type  : Slow 1200mV 85C Model Setup 'clk_in'
Slack : -5.713
TNS   : -1316.368

Type  : Slow 1200mV 85C Model Setup 'vga_controller:vga_controller_inst|clk_25'
Slack : -2.894
TNS   : -154.493

Type  : Slow 1200mV 85C Model Hold 'clk_in'
Slack : -0.006
TNS   : -0.006

Type  : Slow 1200mV 85C Model Hold 'vga_controller:vga_controller_inst|clk_25'
Slack : 0.549
TNS   : 0.000

Type  : Slow 1200mV 85C Model Minimum Pulse Width 'clk_in'
Slack : -3.000
TNS   : -374.000

Type  : Slow 1200mV 85C Model Minimum Pulse Width 'vga_controller:vga_controller_inst|clk_25'
Slack : -1.000
TNS   : -66.000

Type  : Slow 1200mV 0C Model Setup 'clk_in'
Slack : -4.971
TNS   : -1146.422

Type  : Slow 1200mV 0C Model Setup 'vga_controller:vga_controller_inst|clk_25'
Slack : -2.548
TNS   : -132.591

Type  : Slow 1200mV 0C Model Hold 'clk_in'
Slack : -0.035
TNS   : -0.035

Type  : Slow 1200mV 0C Model Hold 'vga_controller:vga_controller_inst|clk_25'
Slack : 0.489
TNS   : 0.000

Type  : Slow 1200mV 0C Model Minimum Pulse Width 'clk_in'
Slack : -3.000
TNS   : -374.000

Type  : Slow 1200mV 0C Model Minimum Pulse Width 'vga_controller:vga_controller_inst|clk_25'
Slack : -1.000
TNS   : -66.000

Type  : Fast 1200mV 0C Model Setup 'clk_in'
Slack : -2.849
TNS   : -594.643

Type  : Fast 1200mV 0C Model Setup 'vga_controller:vga_controller_inst|clk_25'
Slack : -1.179
TNS   : -57.985

Type  : Fast 1200mV 0C Model Hold 'clk_in'
Slack : -0.011
TNS   : -0.011

Type  : Fast 1200mV 0C Model Hold 'vga_controller:vga_controller_inst|clk_25'
Slack : 0.285
TNS   : 0.000

Type  : Fast 1200mV 0C Model Minimum Pulse Width 'clk_in'
Slack : -3.000
TNS   : -394.697

Type  : Fast 1200mV 0C Model Minimum Pulse Width 'vga_controller:vga_controller_inst|clk_25'
Slack : -1.000
TNS   : -66.000

------------------------------------------------------------
