Flow report for pongTop
Sat Sep 16 18:48:40 2023
Quartus II Version 9.1 Build 350 03/24/2010 Service Pack 2 SJ Web Edition


---------------------
; Table of Contents ;
---------------------
  1. Legal Notice
  2. Flow Summary
  3. Flow Settings
  4. Flow Non-Default Global Settings
  5. Flow Elapsed Time
  6. Flow OS Summary
  7. Flow Log



----------------
; Legal Notice ;
----------------
Copyright (C) 1991-2010 Altera Corporation
Your use of Altera Corporation's design tools, logic functions 
and other software and tools, and its AMPP partner logic 
functions, and any output files from any of the foregoing 
(including device programming or simulation files), and any 
associated documentation or information are expressly subject 
to the terms and conditions of the Altera Program License 
Subscription Agreement, Altera MegaCore Function License 
Agreement, or other applicable license agreement, including, 
without limitation, that your use is for the sole purpose of 
programming logic devices manufactured by Altera and sold by 
Altera or its authorized distributors.  Please refer to the 
applicable agreement for further details.



+-----------------------------------------------------------------------------------+
; Flow Summary                                                                      ;
+------------------------------------+----------------------------------------------+
; Flow Status                        ; Successful - Sat Sep 16 18:48:40 2023        ;
; Quartus II Version                 ; 9.1 Build 350 03/24/2010 SP 2 SJ Web Edition ;
; Revision Name                      ; pongTop                                      ;
; Top-level Entity Name              ; pongTop                                      ;
; Family                             ; Cyclone III                                  ;
; Device                             ; EP3C16F484C6                                 ;
; Timing Models                      ; Final                                        ;
; Met timing requirements            ; N/A                                          ;
; Total logic elements               ; 953 / 15,408 ( 6 % )                         ;
;     Total combinational functions  ; 952 / 15,408 ( 6 % )                         ;
;     Dedicated logic registers      ; 437 / 15,408 ( 3 % )                         ;
; Total registers                    ; 437                                          ;
; Total pins                         ; 34 / 347 ( 10 % )                            ;
; Total virtual pins                 ; 0                                            ;
; Total memory bits                  ; 0 / 516,096 ( 0 % )                          ;
; Embedded Multiplier 9-bit elements ; 0 / 112 ( 0 % )                              ;
; Total PLLs                         ; 0 / 4 ( 0 % )                                ;
+------------------------------------+----------------------------------------------+


+-----------------------------------------+
; Flow Settings                           ;
+-------------------+---------------------+
; Option            ; Setting             ;
+-------------------+---------------------+
; Start date & time ; 09/16/2023 18:48:21 ;
; Main task         ; Compilation         ;
; Revision Name     ; pongTop             ;
+-------------------+---------------------+


+---------------------------------------------------------------------------------------------------------------------+
; Flow Non-Default Global Settings                                                                                    ;
+------------------------------------+---------------------------------+---------------+-------------+----------------+
; Assignment Name                    ; Value                           ; Default Value ; Entity Name ; Section Id     ;
+------------------------------------+---------------------------------+---------------+-------------+----------------+
; COMPILER_SIGNATURE_ID              ; 233654130931981.169487930111700 ; --            ; --          ; --             ;
; CYCLONEII_OPTIMIZATION_TECHNIQUE   ; Speed                           ; Balanced      ; --          ; --             ;
; EDA_OUTPUT_DATA_FORMAT             ; Vhdl                            ; --            ; --          ; eda_simulation ;
; EDA_SIMULATION_TOOL                ; ModelSim-Altera (VHDL)          ; <None>        ; --          ; --             ;
; EDA_TIME_SCALE                     ; 1 ps                            ; --            ; --          ; eda_simulation ;
; MAX_CORE_JUNCTION_TEMP             ; 85                              ; --            ; --          ; --             ;
; MIN_CORE_JUNCTION_TEMP             ; 0                               ; --            ; --          ; --             ;
; PARTITION_COLOR                    ; 16764057                        ; --            ; --          ; Top            ;
; PARTITION_NETLIST_TYPE             ; SOURCE                          ; --            ; --          ; Top            ;
; USE_GENERATED_PHYSICAL_CONSTRAINTS ; Off                             ; --            ; --          ; eda_blast_fpga ;
; VERILOG_INPUT_VERSION              ; SystemVerilog_2005              ; Verilog_2001  ; --          ; --             ;
; VHDL_INPUT_VERSION                 ; VHDL_2008                       ; VHDL_1993     ; --          ; --             ;
+------------------------------------+---------------------------------+---------------+-------------+----------------+


+-------------------------------------------------------------------------------------------------------------------------------+
; Flow Elapsed Time                                                                                                             ;
+---------------------------+--------------+-------------------------+---------------------+------------------------------------+
; Module Name               ; Elapsed Time ; Average Processors Used ; Peak Virtual Memory ; Total CPU Time (on all processors) ;
+---------------------------+--------------+-------------------------+---------------------+------------------------------------+
; Analysis & Synthesis      ; 00:00:04     ; 1.0                     ; 246 MB              ; 00:00:05                           ;
; Fitter                    ; 00:00:07     ; 1.0                     ; 275 MB              ; 00:00:07                           ;
; TimeQuest Timing Analyzer ; 00:00:03     ; 1.0                     ; 240 MB              ; 00:00:03                           ;
; Assembler                 ; 00:00:02     ; 1.0                     ; 221 MB              ; 00:00:02                           ;
; EDA Netlist Writer        ; 00:00:02     ; 1.0                     ; 181 MB              ; 00:00:02                           ;
; Total                     ; 00:00:16     ; --                      ; --                  ; 00:00:17                           ;
+---------------------------+--------------+-------------------------+---------------------+------------------------------------+


+--------------------------------------------------------------------------------------------+
; Flow OS Summary                                                                            ;
+---------------------------+------------------+---------------+------------+----------------+
; Module Name               ; Machine Hostname ; OS Name       ; OS Version ; Processor type ;
+---------------------------+------------------+---------------+------------+----------------+
; Analysis & Synthesis      ; DESKTOP-F9I1SV5  ; Windows Vista ; 6.2        ; x86_64         ;
; Fitter                    ; DESKTOP-F9I1SV5  ; Windows Vista ; 6.2        ; x86_64         ;
; Assembler                 ; DESKTOP-F9I1SV5  ; Windows Vista ; 6.2        ; x86_64         ;
; TimeQuest Timing Analyzer ; DESKTOP-F9I1SV5  ; Windows Vista ; 6.2        ; x86_64         ;
; EDA Netlist Writer        ; DESKTOP-F9I1SV5  ; Windows Vista ; 6.2        ; x86_64         ;
+---------------------------+------------------+---------------+------------+----------------+


------------
; Flow Log ;
------------
quartus_map --read_settings_files=on --write_settings_files=off pong-game -c pongTop
quartus_fit --read_settings_files=off --write_settings_files=off pong-game -c pongTop
quartus_asm --read_settings_files=off --write_settings_files=off pong-game -c pongTop
quartus_sta pong-game -c pongTop
quartus_eda --read_settings_files=off --write_settings_files=off pong-game -c pongTop



