--------------------------------------------------------------------------------------
Timing Analyzer Summary
--------------------------------------------------------------------------------------

Type           : Worst-case tsu
Slack          : N/A
Required Time  : None
Actual Time    : 4.845 ns
From           : paddledwn2
To             : debounce_pb:debounce_paddledwn2|clk_counter[16]
From Clock     : --
To Clock       : clk_in
Failed Paths   : 0

Type           : Worst-case tco
Slack          : N/A
Required Time  : None
Actual Time    : 12.068 ns
From           : ball_ctrl:ball_ctrl_inst|disp_ball
To             : dout_r[1]
From Clock     : clk_in
To Clock       : --
Failed Paths   : 0

Type           : Worst-case tpd
Slack          : N/A
Required Time  : None
Actual Time    : 9.724 ns
From           : startGame
To             : dout_r[1]
From Clock     : --
To Clock       : --
Failed Paths   : 0

Type           : Worst-case th
Slack          : N/A
Required Time  : None
Actual Time    : 0.239 ns
From           : i_serial
To             : uart_receiver:uart_receiver_inst|output_byte[1]
From Clock     : --
To Clock       : clk_in
Failed Paths   : 0

Type           : Clock Setup: 'clk_in'
Slack          : N/A
Required Time  : None
Actual Time    : 120.76 MHz ( period = 8.281 ns )
From           : vga_controller:vga_controller_inst|h_pos_internal[0]
To             : paddle1_ctrl:paddle1_ctrl_inst|dispPaddle1
From Clock     : clk_in
To Clock       : clk_in
Failed Paths   : 0

Type           : Total number of failed paths
Slack          : 
Required Time  : 
Actual Time    : 
From           : 
To             : 
From Clock     : 
To Clock       : 
Failed Paths   : 0

--------------------------------------------------------------------------------------

